Tarea 2 - 2014 - Programacion 3.

>0 -> Artigas
1 -> Soriano
2 -> Salto
3 -> Rivera
4 -> Maldonado
5 -> Montevideo
6 -> Paysandu
7 -> Rocha
>FIN.
