Tarea 2 - 2014 - Programacion 3.

>0 -> LaVela
1 -> Trotsky
2 -> Estomagos
3 -> Buitres
4 -> NTVG
>0 -> 
1 -> 
2 -> 
3 -> 
4 -> 
>FIN.
