Tarea 2 - 2014 - Programacion 3.

>0 -> gal
1 -> calculo
2 -> logica
3 -> discreta
>FIN.
