Tarea 2 - 2014 - Programacion 3.

>0 -> Flora
1 -> Fauna
2 -> Campo
3 -> 
4 -> Agua
>FIN.
