Tarea 2 - 2014 - Programacion 3.

>0 -> Fauna
1 -> Flora
2 -> Campo
3 -> 
4 -> 
>0 -> Fauna
1 -> Flora
2 -> Campo
3 -> 
4 -> 
>0 -> Fauna
1 -> Flora
2 -> Campo
3 -> 
4 -> 
>FIN.
