Tarea 2 - 2014 - Programacion 3.

>0 -> Benedetti
1 -> Onetti
2 -> VazFerreira
3 -> Quiroga
4 -> Galeano
>0 -> Rodo
1 -> Onetti
2 -> VazFerreira
3 -> Quiroga
4 -> Galeano
>FIN.
