Tarea 2 - 2014 - Programacion 3.

>0 -> Musica
1 -> Antropologia
>0 -> Musica
1 -> Antropologia
>0 -> Musica
1 -> Antropologia
>FIN.
