Tarea 2 - 2014 - Programacion 3.

>0 -> Ciencia
1 -> Arte
2 -> 
>FIN.
